// Jest Snapshot v1, https://goo.gl/fbAQLP

exports[`The articles component should render with the exact content 1`] = `
<div
  className="col-md-9"
  id="news-headline"
>
  <div
    className="row"
    data-content="news-header"
  >
    <h3
      className="pull-left"
    >
      <span
        className=""
      >
        
         
      </span>
      Headlines from 
      ...
    </h3>
  </div>
  <div>
    <h4 />
  </div>
</div>
`;
